apiVersion: v1
data:
  DB_CONNECTION: pgsql
  DB_DATABASE: firefly
  DB_HOST: postgresql
  DB_PORT: '5432'
  DB_USERNAME: firefly
  DEFAULT_LANGUAGE: de
  DEFAULT_LOCALE: de_CH
  TRUSTED_PROXIES: '**'
  TZ: Europe/Zurich
kind: ConfigMap
metadata:
  labels:
    app.kubernetes.io/instance: firefly-iii
    app.kubernetes.io/managed-by: Helm
    app.kubernetes.io/name: firefly-iii
    helm.sh/chart: firefly-iii-1.7.4
  name: firefly-iii
