apiVersion: v1
kind: Namespace
metadata:
  annotations: {}
  labels:
    name: app-firefly-iii
  name: app-firefly-iii
