apiVersion: v1
data: {}
kind: Secret
metadata:
  annotations: {}
  labels:
    app.kubernetes.io/instance: firefly-iii
    app.kubernetes.io/managed-by: commodore
    app.kubernetes.io/name: postgresql
    name: postgresql
  name: postgresql
  namespace: app-firefly-iii
stringData:
  postgres-password: t-silent-test-1234/c-green-test-1234/firefly/firefly-iii/postgresql
  postgres-username: firefly
type: Opaque
---
apiVersion: v1
data: {}
kind: Secret
metadata:
  annotations: {}
  labels:
    app.kubernetes.io/instance: firefly-iii
    app.kubernetes.io/managed-by: commodore
    app.kubernetes.io/name: firefly-iii
    name: firefly-iii
  name: firefly-iii
  namespace: app-firefly-iii
stringData:
  APP_PASSWORD: t-silent-test-1234/c-green-test-1234/firefly/firefly-iii/firefly
  APP_TOKEN: t-silent-test-1234/c-green-test-1234/firefly/firefly-iii/token
  DB_PASSWORD: t-silent-test-1234/c-green-test-1234/firefly/firefly-iii/postgresql
type: Opaque
---
apiVersion: v1
data: {}
kind: Secret
metadata:
  annotations: {}
  labels:
    app.kubernetes.io/instance: firefly-iii
    app.kubernetes.io/managed-by: commodore
    app.kubernetes.io/name: firefly-iii
    name: firefly-iii-app-key
  name: firefly-iii-app-key
  namespace: app-firefly-iii
stringData:
  APP_KEY: t-silent-test-1234/c-green-test-1234/firefly/firefly-iii/appkey
type: Opaque
